[ +192 ms] Waiting to be able to obtain lock of Flutter binary artifacts directory: C:\src\flutter\bin\cache\lockfile
[+37448 ms] Found 1 files which will be executed as Widget Tests.
[   +9 ms] Artifact Instance of 'AndroidGenSnapshotArtifacts' is not required, skipping update.
[        ] Artifact Instance of 'AndroidInternalBuildArtifacts' is not required, skipping update.
[        ] Artifact Instance of 'IOSEngineArtifacts' is not required, skipping update.
[        ] Artifact Instance of 'FlutterWebSdk' is not required, skipping update.
[        ] Artifact Instance of 'LegacyCanvasKitRemover' is not required, skipping update.
[   +2 ms] Artifact Instance of 'WindowsEngineArtifacts' is not required, skipping update.
[        ] Artifact Instance of 'MacOSEngineArtifacts' is not required, skipping update.
[        ] Artifact Instance of 'LinuxEngineArtifacts' is not required, skipping update.
[        ] Artifact Instance of 'LinuxFuchsiaSDKArtifacts' is not required, skipping update.
[        ] Artifact Instance of 'MacOSFuchsiaSDKArtifacts' is not required, skipping update.
[        ] Artifact Instance of 'FlutterRunnerSDKArtifacts' is not required, skipping update.
[        ] Artifact Instance of 'FlutterRunnerDebugSymbols' is not required, skipping update.
[  +54 ms] Artifact Instance of 'MaterialFonts' is not required, skipping update.
[        ] Artifact Instance of 'GradleWrapper' is not required, skipping update.
[        ] Artifact Instance of 'AndroidGenSnapshotArtifacts' is not required, skipping update.
[        ] Artifact Instance of 'AndroidInternalBuildArtifacts' is not required, skipping update.
[        ] Artifact Instance of 'IOSEngineArtifacts' is not required, skipping update.
[        ] Artifact Instance of 'FlutterWebSdk' is not required, skipping update.
[        ] Artifact Instance of 'LegacyCanvasKitRemover' is not required, skipping update.
[        ] Artifact Instance of 'FlutterSdk' is not required, skipping update.
[        ] Artifact Instance of 'WindowsEngineArtifacts' is not required, skipping update.
[        ] Artifact Instance of 'MacOSEngineArtifacts' is not required, skipping update.
[        ] Artifact Instance of 'LinuxEngineArtifacts' is not required, skipping update.
[        ] Artifact Instance of 'LinuxFuchsiaSDKArtifacts' is not required, skipping update.
[        ] Artifact Instance of 'MacOSFuchsiaSDKArtifacts' is not required, skipping update.
[        ] Artifact Instance of 'FlutterRunnerSDKArtifacts' is not required, skipping update.
[        ] Artifact Instance of 'FlutterRunnerDebugSymbols' is not required, skipping update.
[        ] Artifact Instance of 'IosUsbArtifacts' is not required, skipping update.
[        ] Artifact Instance of 'IosUsbArtifacts' is not required, skipping update.
[        ] Artifact Instance of 'IosUsbArtifacts' is not required, skipping update.
[        ] Artifact Instance of 'IosUsbArtifacts' is not required, skipping update.
[        ] Artifact Instance of 'IosUsbArtifacts' is not required, skipping update.
[        ] Artifact Instance of 'FontSubsetArtifacts' is not required, skipping update.
[        ] Artifact Instance of 'PubDependencies' is not required, skipping update.
[  +96 ms] executing: [C:\Users\User\Documents\Kuliah\Semester 5\Mobile Back End\taste_troop/] C:\src\flutter\bin\cache\dart-sdk\bin\dart pub --suppress-analytics --verbose --directory . get --example
MSG : Resolving dependencies...
MSG :   _flutterfire_internals 1.3.14 (1.3.16 available)
    |   cloud_firestore 4.13.2 (4.14.0 available)
    |   cloud_firestore_platform_interface 6.0.6 (6.1.0 available)
    |   cloud_firestore_web 3.8.6 (3.9.0 available)
    | > collection 1.18.0 (was 1.17.2)
    |   cross_file 0.3.3+7 (0.3.3+8 available)
    |   ffi 2.1.0 (2.1.2 available)
    |   file_selector_platform_interface 2.6.1 (2.6.2 available)
    |   firebase_auth 4.12.1 (4.16.0 available)
    |   firebase_auth_platform_interface 7.0.3 (7.0.9 available)
    |   firebase_auth_web 5.8.6 (5.8.13 available)
    |   firebase_core 2.24.0 (2.24.2 available)
    |   firebase_core_web 2.9.0 (2.10.0 available)
    |   firebase_storage 11.5.3 (11.6.0 available)
    |   firebase_storage_platform_interface 5.1.1 (5.1.3 available)
    |   firebase_storage_web 3.6.15 (3.6.17 available)
    |   flutter_lints 2.0.3 (3.0.1 available)
    |   http 1.1.0 (1.2.0 available)
    |   image_picker 1.0.4 (1.0.7 available)
    |   image_picker_android 0.8.8+2 (0.8.9+3 available)
    |   image_picker_for_web 3.0.1 (3.0.2 available)
    |   image_picker_ios 0.8.8+4 (0.8.9+1 available)
    |   image_picker_platform_interface 2.9.1 (2.9.3 available)
    |   intl 0.18.1 (0.19.0 available)
    |   js 0.6.7 (0.7.0 available)
    |   lints 2.1.1 (3.0.0 available)
    |   matcher 0.12.16 (0.12.16+1 available)
    |   material_color_utilities 0.5.0 (0.8.0 available)
    | > meta 1.10.0 (was 1.9.1) (1.11.0 available)
    |   path 1.8.3 (1.9.0 available)
    |   path_provider_platform_interface 2.1.1 (2.1.2 available)
    |   permission_handler 10.4.5 (11.2.0 available)
    |   permission_handler_android 10.3.6 (12.0.3 available)
    |   permission_handler_apple 9.1.4 (9.3.0 available)
    |   permission_handler_platform_interface 3.12.0 (4.1.0 available)
    |   permission_handler_windows 0.1.3 (0.2.1 available)
    |   platform 3.1.3 (3.1.4 available)
    |   plugin_platform_interface 2.1.6 (2.1.8 available)
    |   shared_preferences_foundation 2.3.4 (2.3.5 available)
    |   shared_preferences_platform_interface 2.3.1 (2.3.2 available)
    |   shared_preferences_web 2.2.1 (2.2.2 available)
    | > stack_trace 1.11.1 (was 1.11.0)
    | > stream_channel 2.1.2 (was 2.1.1)
    | > test_api 0.6.1 (was 0.6.0) (0.7.0 available)
    | > web 0.3.0 (was 0.1.4-beta) (0.4.2 available)
    |   webview_flutter 4.4.2 (4.4.4 available)
    |   webview_flutter_android 3.13.1 (3.13.2 available)
    |   webview_flutter_platform_interface 2.9.0 (2.9.1 available)
    |   webview_flutter_wkwebview 3.10.0 (3.11.0 available)
    |   win32 5.1.0 (5.2.0 available)
    |   xdg_directories 1.0.3 (1.0.4 available)
MSG : Changed 6 dependencies!
MSG : 48 packages have newer versions incompatible with dependency constraints.
    | Try `flutter pub outdated` for more information.
MSG : Logs written to C:\Users\User\AppData\Local\Pub\Cache\log\pub_log.txt.
[+13550 ms] Found plugin cloud_firestore at C:\Users\User\AppData\Local\Pub\Cache\hosted\pub.dev\cloud_firestore-4.13.2\
[  +19 ms] Found plugin cloud_firestore_web at C:\Users\User\AppData\Local\Pub\Cache\hosted\pub.dev\cloud_firestore_web-3.8.6\
[  +21 ms] Found plugin file_selector_linux at C:\Users\User\AppData\Local\Pub\Cache\hosted\pub.dev\file_selector_linux-0.9.2+1\
[   +3 ms] Found plugin file_selector_macos at C:\Users\User\AppData\Local\Pub\Cache\hosted\pub.dev\file_selector_macos-0.9.3+3\
[   +6 ms] Found plugin file_selector_windows at C:\Users\User\AppData\Local\Pub\Cache\hosted\pub.dev\file_selector_windows-0.9.3+1\
[   +8 ms] Found plugin firebase_auth at C:\Users\User\AppData\Local\Pub\Cache\hosted\pub.dev\firebase_auth-4.12.1\
[  +10 ms] Found plugin firebase_auth_web at C:\Users\User\AppData\Local\Pub\Cache\hosted\pub.dev\firebase_auth_web-5.8.6\
[   +3 ms] Found plugin firebase_core at C:\Users\User\AppData\Local\Pub\Cache\hosted\pub.dev\firebase_core-2.24.0\
[   +7 ms] Found plugin firebase_core_web at C:\Users\User\AppData\Local\Pub\Cache\hosted\pub.dev\firebase_core_web-2.9.0\
[   +2 ms] Found plugin firebase_storage at C:\Users\User\AppData\Local\Pub\Cache\hosted\pub.dev\firebase_storage-11.5.3\
[   +3 ms] Found plugin firebase_storage_web at C:\Users\User\AppData\Local\Pub\Cache\hosted\pub.dev\firebase_storage_web-3.6.15\
[   +4 ms] Found plugin flutter_plugin_android_lifecycle at C:\Users\User\AppData\Local\Pub\Cache\hosted\pub.dev\flutter_plugin_android_lifecycle-2.0.17\
[   +3 ms] Found plugin google_mobile_ads at C:\Users\User\AppData\Local\Pub\Cache\hosted\pub.dev\google_mobile_ads-4.0.0\
[  +11 ms] Found plugin image_picker at C:\Users\User\AppData\Local\Pub\Cache\hosted\pub.dev\image_picker-1.0.4\
[   +6 ms] Found plugin image_picker_android at C:\Users\User\AppData\Local\Pub\Cache\hosted\pub.dev\image_picker_android-0.8.8+2\
[   +4 ms] Found plugin image_picker_for_web at C:\Users\User\AppData\Local\Pub\Cache\hosted\pub.dev\image_picker_for_web-3.0.1\
[   +4 ms] Found plugin image_picker_ios at C:\Users\User\AppData\Local\Pub\Cache\hosted\pub.dev\image_picker_ios-0.8.8+4\
[   +5 ms] Found plugin image_picker_linux at C:\Users\User\AppData\Local\Pub\Cache\hosted\pub.dev\image_picker_linux-0.2.1+1\
[   +3 ms] Found plugin image_picker_macos at C:\Users\User\AppData\Local\Pub\Cache\hosted\pub.dev\image_picker_macos-0.2.1+1\
[   +6 ms] Found plugin image_picker_windows at C:\Users\User\AppData\Local\Pub\Cache\hosted\pub.dev\image_picker_windows-0.2.1+1\
[  +12 ms] Found plugin path_provider_linux at C:\Users\User\AppData\Local\Pub\Cache\hosted\pub.dev\path_provider_linux-2.2.1\
[   +8 ms] Found plugin path_provider_windows at C:\Users\User\AppData\Local\Pub\Cache\hosted\pub.dev\path_provider_windows-2.2.1\
[   +3 ms] Found plugin permission_handler at C:\Users\User\AppData\Local\Pub\Cache\hosted\pub.dev\permission_handler-10.4.5\
[   +2 ms] Found plugin permission_handler_android at C:\Users\User\AppData\Local\Pub\Cache\hosted\pub.dev\permission_handler_android-10.3.6\
[   +2 ms] Found plugin permission_handler_apple at C:\Users\User\AppData\Local\Pub\Cache\hosted\pub.dev\permission_handler_apple-9.1.4\
[   +3 ms] Found plugin permission_handler_windows at C:\Users\User\AppData\Local\Pub\Cache\hosted\pub.dev\permission_handler_windows-0.1.3\
[   +5 ms] Found plugin shared_preferences at C:\Users\User\AppData\Local\Pub\Cache\hosted\pub.dev\shared_preferences-2.2.2\
[   +1 ms] Found plugin shared_preferences_android at C:\Users\User\AppData\Local\Pub\Cache\hosted\pub.dev\shared_preferences_android-2.2.1\
[   +2 ms] Found plugin shared_preferences_foundation at C:\Users\User\AppData\Local\Pub\Cache\hosted\pub.dev\shared_preferences_foundation-2.3.4\
[   +2 ms] Found plugin shared_preferences_linux at C:\Users\User\AppData\Local\Pub\Cache\hosted\pub.dev\shared_preferences_linux-2.3.2\
[   +4 ms] Found plugin shared_preferences_web at C:\Users\User\AppData\Local\Pub\Cache\hosted\pub.dev\shared_preferences_web-2.2.1\
[   +2 ms] Found plugin shared_preferences_windows at C:\Users\User\AppData\Local\Pub\Cache\hosted\pub.dev\shared_preferences_windows-2.3.2\
[  +24 ms] Found plugin webview_flutter at C:\Users\User\AppData\Local\Pub\Cache\hosted\pub.dev\webview_flutter-4.4.2\
[   +2 ms] Found plugin webview_flutter_android at C:\Users\User\AppData\Local\Pub\Cache\hosted\pub.dev\webview_flutter_android-3.13.1\
[   +2 ms] Found plugin webview_flutter_wkwebview at C:\Users\User\AppData\Local\Pub\Cache\hosted\pub.dev\webview_flutter_wkwebview-3.10.0\
[ +107 ms] Found plugin cloud_firestore at C:\Users\User\AppData\Local\Pub\Cache\hosted\pub.dev\cloud_firestore-4.13.2\
[  +65 ms] Found plugin cloud_firestore_web at C:\Users\User\AppData\Local\Pub\Cache\hosted\pub.dev\cloud_firestore_web-3.8.6\
[  +12 ms] Found plugin file_selector_linux at C:\Users\User\AppData\Local\Pub\Cache\hosted\pub.dev\file_selector_linux-0.9.2+1\
[   +3 ms] Found plugin file_selector_macos at C:\Users\User\AppData\Local\Pub\Cache\hosted\pub.dev\file_selector_macos-0.9.3+3\
[   +5 ms] Found plugin file_selector_windows at C:\Users\User\AppData\Local\Pub\Cache\hosted\pub.dev\file_selector_windows-0.9.3+1\
[   +2 ms] Found plugin firebase_auth at C:\Users\User\AppData\Local\Pub\Cache\hosted\pub.dev\firebase_auth-4.12.1\
[   +3 ms] Found plugin firebase_auth_web at C:\Users\User\AppData\Local\Pub\Cache\hosted\pub.dev\firebase_auth_web-5.8.6\
[   +1 ms] Found plugin firebase_core at C:\Users\User\AppData\Local\Pub\Cache\hosted\pub.dev\firebase_core-2.24.0\
[   +3 ms] Found plugin firebase_core_web at C:\Users\User\AppData\Local\Pub\Cache\hosted\pub.dev\firebase_core_web-2.9.0\
[   +1 ms] Found plugin firebase_storage at C:\Users\User\AppData\Local\Pub\Cache\hosted\pub.dev\firebase_storage-11.5.3\
[   +2 ms] Found plugin firebase_storage_web at C:\Users\User\AppData\Local\Pub\Cache\hosted\pub.dev\firebase_storage_web-3.6.15\
[   +4 ms] Found plugin flutter_plugin_android_lifecycle at C:\Users\User\AppData\Local\Pub\Cache\hosted\pub.dev\flutter_plugin_android_lifecycle-2.0.17\
[   +1 ms] Found plugin google_mobile_ads at C:\Users\User\AppData\Local\Pub\Cache\hosted\pub.dev\google_mobile_ads-4.0.0\
[   +3 ms] Found plugin image_picker at C:\Users\User\AppData\Local\Pub\Cache\hosted\pub.dev\image_picker-1.0.4\
[        ] Found plugin image_picker_android at C:\Users\User\AppData\Local\Pub\Cache\hosted\pub.dev\image_picker_android-0.8.8+2\
[   +1 ms] Found plugin image_picker_for_web at C:\Users\User\AppData\Local\Pub\Cache\hosted\pub.dev\image_picker_for_web-3.0.1\
[   +1 ms] Found plugin image_picker_ios at C:\Users\User\AppData\Local\Pub\Cache\hosted\pub.dev\image_picker_ios-0.8.8+4\
[        ] Found plugin image_picker_linux at C:\Users\User\AppData\Local\Pub\Cache\hosted\pub.dev\image_picker_linux-0.2.1+1\
[   +1 ms] Found plugin image_picker_macos at C:\Users\User\AppData\Local\Pub\Cache\hosted\pub.dev\image_picker_macos-0.2.1+1\
[   +3 ms] Found plugin image_picker_windows at C:\Users\User\AppData\Local\Pub\Cache\hosted\pub.dev\image_picker_windows-0.2.1+1\
[  +10 ms] Found plugin path_provider_linux at C:\Users\User\AppData\Local\Pub\Cache\hosted\pub.dev\path_provider_linux-2.2.1\
[   +2 ms] Found plugin path_provider_windows at C:\Users\User\AppData\Local\Pub\Cache\hosted\pub.dev\path_provider_windows-2.2.1\
[   +3 ms] Found plugin permission_handler at C:\Users\User\AppData\Local\Pub\Cache\hosted\pub.dev\permission_handler-10.4.5\
[   +1 ms] Found plugin permission_handler_android at C:\Users\User\AppData\Local\Pub\Cache\hosted\pub.dev\permission_handler_android-10.3.6\
[        ] Found plugin permission_handler_apple at C:\Users\User\AppData\Local\Pub\Cache\hosted\pub.dev\permission_handler_apple-9.1.4\
[   +2 ms] Found plugin permission_handler_windows at C:\Users\User\AppData\Local\Pub\Cache\hosted\pub.dev\permission_handler_windows-0.1.3\
[   +2 ms] Found plugin shared_preferences at C:\Users\User\AppData\Local\Pub\Cache\hosted\pub.dev\shared_preferences-2.2.2\
[   +2 ms] Found plugin shared_preferences_android at C:\Users\User\AppData\Local\Pub\Cache\hosted\pub.dev\shared_preferences_android-2.2.1\
[   +2 ms] Found plugin shared_preferences_foundation at C:\Users\User\AppData\Local\Pub\Cache\hosted\pub.dev\shared_preferences_foundation-2.3.4\
[   +2 ms] Found plugin shared_preferences_linux at C:\Users\User\AppData\Local\Pub\Cache\hosted\pub.dev\shared_preferences_linux-2.3.2\
[   +2 ms] Found plugin shared_preferences_web at C:\Users\User\AppData\Local\Pub\Cache\hosted\pub.dev\shared_preferences_web-2.2.1\
[   +1 ms] Found plugin shared_preferences_windows at C:\Users\User\AppData\Local\Pub\Cache\hosted\pub.dev\shared_preferences_windows-2.3.2\
[   +9 ms] Found plugin webview_flutter at C:\Users\User\AppData\Local\Pub\Cache\hosted\pub.dev\webview_flutter-4.4.2\
[   +1 ms] Found plugin webview_flutter_android at C:\Users\User\AppData\Local\Pub\Cache\hosted\pub.dev\webview_flutter_android-3.13.1\
[   +4 ms] Found plugin webview_flutter_wkwebview at C:\Users\User\AppData\Local\Pub\Cache\hosted\pub.dev\webview_flutter_wkwebview-3.10.0\
[  +59 ms] Found plugin cloud_firestore at C:\Users\User\AppData\Local\Pub\Cache\hosted\pub.dev\cloud_firestore-4.13.2\
[   +2 ms] Found plugin cloud_firestore_web at C:\Users\User\AppData\Local\Pub\Cache\hosted\pub.dev\cloud_firestore_web-3.8.6\
[   +6 ms] Found plugin file_selector_linux at C:\Users\User\AppData\Local\Pub\Cache\hosted\pub.dev\file_selector_linux-0.9.2+1\
[   +1 ms] Found plugin file_selector_macos at C:\Users\User\AppData\Local\Pub\Cache\hosted\pub.dev\file_selector_macos-0.9.3+3\
[   +1 ms] Found plugin file_selector_windows at C:\Users\User\AppData\Local\Pub\Cache\hosted\pub.dev\file_selector_windows-0.9.3+1\
[        ] Found plugin firebase_auth at C:\Users\User\AppData\Local\Pub\Cache\hosted\pub.dev\firebase_auth-4.12.1\
[   +1 ms] Found plugin firebase_auth_web at C:\Users\User\AppData\Local\Pub\Cache\hosted\pub.dev\firebase_auth_web-5.8.6\
[   +1 ms] Found plugin firebase_core at C:\Users\User\AppData\Local\Pub\Cache\hosted\pub.dev\firebase_core-2.24.0\
[   +3 ms] Found plugin firebase_core_web at C:\Users\User\AppData\Local\Pub\Cache\hosted\pub.dev\firebase_core_web-2.9.0\
[   +1 ms] Found plugin firebase_storage at C:\Users\User\AppData\Local\Pub\Cache\hosted\pub.dev\firebase_storage-11.5.3\
[   +1 ms] Found plugin firebase_storage_web at C:\Users\User\AppData\Local\Pub\Cache\hosted\pub.dev\firebase_storage_web-3.6.15\
[   +1 ms] Found plugin flutter_plugin_android_lifecycle at C:\Users\User\AppData\Local\Pub\Cache\hosted\pub.dev\flutter_plugin_android_lifecycle-2.0.17\
[   +2 ms] Found plugin google_mobile_ads at C:\Users\User\AppData\Local\Pub\Cache\hosted\pub.dev\google_mobile_ads-4.0.0\
[   +5 ms] Found plugin image_picker at C:\Users\User\AppData\Local\Pub\Cache\hosted\pub.dev\image_picker-1.0.4\
[   +1 ms] Found plugin image_picker_android at C:\Users\User\AppData\Local\Pub\Cache\hosted\pub.dev\image_picker_android-0.8.8+2\
[   +1 ms] Found plugin image_picker_for_web at C:\Users\User\AppData\Local\Pub\Cache\hosted\pub.dev\image_picker_for_web-3.0.1\
[   +2 ms] Found plugin image_picker_ios at C:\Users\User\AppData\Local\Pub\Cache\hosted\pub.dev\image_picker_ios-0.8.8+4\
[   +1 ms] Found plugin image_picker_linux at C:\Users\User\AppData\Local\Pub\Cache\hosted\pub.dev\image_picker_linux-0.2.1+1\
[   +1 ms] Found plugin image_picker_macos at C:\Users\User\AppData\Local\Pub\Cache\hosted\pub.dev\image_picker_macos-0.2.1+1\
[   +3 ms] Found plugin image_picker_windows at C:\Users\User\AppData\Local\Pub\Cache\hosted\pub.dev\image_picker_windows-0.2.1+1\
[  +12 ms] Found plugin path_provider_linux at C:\Users\User\AppData\Local\Pub\Cache\hosted\pub.dev\path_provider_linux-2.2.1\
[   +4 ms] Found plugin path_provider_windows at C:\Users\User\AppData\Local\Pub\Cache\hosted\pub.dev\path_provider_windows-2.2.1\
[   +1 ms] Found plugin permission_handler at C:\Users\User\AppData\Local\Pub\Cache\hosted\pub.dev\permission_handler-10.4.5\
[   +1 ms] Found plugin permission_handler_android at C:\Users\User\AppData\Local\Pub\Cache\hosted\pub.dev\permission_handler_android-10.3.6\
[   +2 ms] Found plugin permission_handler_apple at C:\Users\User\AppData\Local\Pub\Cache\hosted\pub.dev\permission_handler_apple-9.1.4\
[   +6 ms] Found plugin permission_handler_windows at C:\Users\User\AppData\Local\Pub\Cache\hosted\pub.dev\permission_handler_windows-0.1.3\
[   +6 ms] Found plugin shared_preferences at C:\Users\User\AppData\Local\Pub\Cache\hosted\pub.dev\shared_preferences-2.2.2\
[   +2 ms] Found plugin shared_preferences_android at C:\Users\User\AppData\Local\Pub\Cache\hosted\pub.dev\shared_preferences_android-2.2.1\
[   +2 ms] Found plugin shared_preferences_foundation at C:\Users\User\AppData\Local\Pub\Cache\hosted\pub.dev\shared_preferences_foundation-2.3.4\
[   +2 ms] Found plugin shared_preferences_linux at C:\Users\User\AppData\Local\Pub\Cache\hosted\pub.dev\shared_preferences_linux-2.3.2\
[   +5 ms] Found plugin shared_preferences_web at C:\Users\User\AppData\Local\Pub\Cache\hosted\pub.dev\shared_preferences_web-2.2.1\
[   +2 ms] Found plugin shared_preferences_windows at C:\Users\User\AppData\Local\Pub\Cache\hosted\pub.dev\shared_preferences_windows-2.3.2\
[   +9 ms] Found plugin webview_flutter at C:\Users\User\AppData\Local\Pub\Cache\hosted\pub.dev\webview_flutter-4.4.2\
[   +1 ms] Found plugin webview_flutter_android at C:\Users\User\AppData\Local\Pub\Cache\hosted\pub.dev\webview_flutter_android-3.13.1\
[   +3 ms] Found plugin webview_flutter_wkwebview at C:\Users\User\AppData\Local\Pub\Cache\hosted\pub.dev\webview_flutter_wkwebview-3.10.0\
[ +276 ms] Generating C:\Users\User\Documents\Kuliah\Semester 5\Mobile Back End\taste_troop\android\app\src\main\java\io\flutter\plugins\GeneratedPluginRegistrant.java
[ +659 ms] Manifest contained wildcard assets. Inserting missing file into build graph to force rerun. for more information see #56466.
[ +172 ms] shaderc command: [C:\src\flutter\bin\cache\artifacts\engine\windows-x64\impellerc.exe, --sksl, --iplr, --sl=build\unit_test_assets\shaders/ink_sparkle.frag, --spirv=build\unit_test_assets\shaders/ink_sparkle.frag.spirv, --input=C:\src\flutter\packages\flutter\lib\src\material\shaders\ink_sparkle.frag, --input-type=frag, --include=C:\src\flutter\packages\flutter\lib\src\material\shaders, --include=C:\src\flutter\bin\cache\artifacts\engine\windows-x64\shader_lib]
[ +373 ms] running test package with arguments: [--no-color, --chain-stack-traces, --, file:///C:/Users/User/Documents/Kuliah/Semester%205/Mobile%20Back%20End/taste_troop/test/widget_test.dart]
00:00 +0: loading C:/Users/User/Documents/Kuliah/Semester 5/Mobile Back End/taste_troop/test/widget_test.dart
[ +183 ms] test 0: starting test C:/Users/User/Documents/Kuliah/Semester 5/Mobile Back End/taste_troop/test/widget_test.dart
[   +5 ms] Stopping scan for flutter_test_config.dart; found project root at C:\Users\User\Documents\Kuliah\Semester 5\Mobile Back End\taste_troop
[   +2 ms] Compiler will use the following file as its incremental dill file: C:\Users\User\AppData\Local\Temp\flutter_tools.b6c02bfa\flutter_test_compiler.329cd3b2\output.dill
[        ] Listening to compiler controller...
[   +9 ms] Compiling file:///C:/Users/User/AppData/Local/Temp/flutter_tools.b6c02bfa/flutter_test_listener.c705f5e3/listener.dart
[  +11 ms] Found plugin cloud_firestore at C:\Users\User\AppData\Local\Pub\Cache\hosted\pub.dev\cloud_firestore-4.13.2\
[   +1 ms] Found plugin cloud_firestore_web at C:\Users\User\AppData\Local\Pub\Cache\hosted\pub.dev\cloud_firestore_web-3.8.6\
[   +7 ms] Found plugin file_selector_linux at C:\Users\User\AppData\Local\Pub\Cache\hosted\pub.dev\file_selector_linux-0.9.2+1\
[   +1 ms] Found plugin file_selector_macos at C:\Users\User\AppData\Local\Pub\Cache\hosted\pub.dev\file_selector_macos-0.9.3+3\
[   +2 ms] Found plugin file_selector_windows at C:\Users\User\AppData\Local\Pub\Cache\hosted\pub.dev\file_selector_windows-0.9.3+1\
[   +1 ms] Found plugin firebase_auth at C:\Users\User\AppData\Local\Pub\Cache\hosted\pub.dev\firebase_auth-4.12.1\
[   +2 ms] Found plugin firebase_auth_web at C:\Users\User\AppData\Local\Pub\Cache\hosted\pub.dev\firebase_auth_web-5.8.6\
[        ] Found plugin firebase_core at C:\Users\User\AppData\Local\Pub\Cache\hosted\pub.dev\firebase_core-2.24.0\
[   +1 ms] Found plugin firebase_core_web at C:\Users\User\AppData\Local\Pub\Cache\hosted\pub.dev\firebase_core_web-2.9.0\
[        ] Found plugin firebase_storage at C:\Users\User\AppData\Local\Pub\Cache\hosted\pub.dev\firebase_storage-11.5.3\
[   +1 ms] Found plugin firebase_storage_web at C:\Users\User\AppData\Local\Pub\Cache\hosted\pub.dev\firebase_storage_web-3.6.15\
[   +1 ms] Found plugin flutter_plugin_android_lifecycle at C:\Users\User\AppData\Local\Pub\Cache\hosted\pub.dev\flutter_plugin_android_lifecycle-2.0.17\
[        ] Found plugin google_mobile_ads at C:\Users\User\AppData\Local\Pub\Cache\hosted\pub.dev\google_mobile_ads-4.0.0\
[   +1 ms] Found plugin image_picker at C:\Users\User\AppData\Local\Pub\Cache\hosted\pub.dev\image_picker-1.0.4\
[        ] Found plugin image_picker_android at C:\Users\User\AppData\Local\Pub\Cache\hosted\pub.dev\image_picker_android-0.8.8+2\
[        ] Found plugin image_picker_for_web at C:\Users\User\AppData\Local\Pub\Cache\hosted\pub.dev\image_picker_for_web-3.0.1\
[        ] Found plugin image_picker_ios at C:\Users\User\AppData\Local\Pub\Cache\hosted\pub.dev\image_picker_ios-0.8.8+4\
[        ] Found plugin image_picker_linux at C:\Users\User\AppData\Local\Pub\Cache\hosted\pub.dev\image_picker_linux-0.2.1+1\
[        ] Found plugin image_picker_macos at C:\Users\User\AppData\Local\Pub\Cache\hosted\pub.dev\image_picker_macos-0.2.1+1\
[   +1 ms] Found plugin image_picker_windows at C:\Users\User\AppData\Local\Pub\Cache\hosted\pub.dev\image_picker_windows-0.2.1+1\
[   +4 ms] Found plugin path_provider_linux at C:\Users\User\AppData\Local\Pub\Cache\hosted\pub.dev\path_provider_linux-2.2.1\
[   +1 ms] Found plugin path_provider_windows at C:\Users\User\AppData\Local\Pub\Cache\hosted\pub.dev\path_provider_windows-2.2.1\
[   +1 ms] Found plugin permission_handler at C:\Users\User\AppData\Local\Pub\Cache\hosted\pub.dev\permission_handler-10.4.5\
[   +2 ms] Found plugin permission_handler_android at C:\Users\User\AppData\Local\Pub\Cache\hosted\pub.dev\permission_handler_android-10.3.6\
[   +1 ms] Found plugin permission_handler_apple at C:\Users\User\AppData\Local\Pub\Cache\hosted\pub.dev\permission_handler_apple-9.1.4\
[   +1 ms] Found plugin permission_handler_windows at C:\Users\User\AppData\Local\Pub\Cache\hosted\pub.dev\permission_handler_windows-0.1.3\
[   +2 ms] Found plugin shared_preferences at C:\Users\User\AppData\Local\Pub\Cache\hosted\pub.dev\shared_preferences-2.2.2\
[        ] Found plugin shared_preferences_android at C:\Users\User\AppData\Local\Pub\Cache\hosted\pub.dev\shared_preferences_android-2.2.1\
[        ] Found plugin shared_preferences_foundation at C:\Users\User\AppData\Local\Pub\Cache\hosted\pub.dev\shared_preferences_foundation-2.3.4\
[        ] Found plugin shared_preferences_linux at C:\Users\User\AppData\Local\Pub\Cache\hosted\pub.dev\shared_preferences_linux-2.3.2\
[   +1 ms] Found plugin shared_preferences_web at C:\Users\User\AppData\Local\Pub\Cache\hosted\pub.dev\shared_preferences_web-2.2.1\
[        ] Found plugin shared_preferences_windows at C:\Users\User\AppData\Local\Pub\Cache\hosted\pub.dev\shared_preferences_windows-2.3.2\
[   +4 ms] Found plugin webview_flutter at C:\Users\User\AppData\Local\Pub\Cache\hosted\pub.dev\webview_flutter-4.4.2\
[        ] Found plugin webview_flutter_android at C:\Users\User\AppData\Local\Pub\Cache\hosted\pub.dev\webview_flutter_android-3.13.1\
[   +1 ms] Found plugin webview_flutter_wkwebview at C:\Users\User\AppData\Local\Pub\Cache\hosted\pub.dev\webview_flutter_wkwebview-3.10.0\
[  +35 ms] Writing native_assets.yaml.
[   +9 ms] Writing C:\Users\User\Documents\Kuliah\Semester 5\Mobile Back End\taste_troop\build\native_assets\windows\native_assets.yaml done.
[   +4 ms] C:\src\flutter\bin\cache\dart-sdk\bin\dart.exe --disable-dart-dev C:\src\flutter\bin\cache\dart-sdk\bin\snapshots\frontend_server.dart.snapshot --sdk-root C:\src\flutter\bin\cache\artifacts\engine\common\flutter_patched_sdk/ --incremental --no-print-incremental-dependencies --target=flutter --experimental-emit-debug-metadata -DFLUTTER_WEB_AUTO_DETECT=true --output-dill C:\Users\User\AppData\Local\Temp\flutter_tools.b6c02bfa\flutter_test_compiler.329cd3b2\output.dill --packages C:\Users\User\Documents\Kuliah\Semester 5\Mobile Back End\taste_troop\.dart_tool\package_config.json -Ddart.vm.profile=false -Ddart.vm.product=false --enable-asserts --track-widget-creation --initialize-from-dill C:\Users\User\Documents\Kuliah\Semester 5\Mobile Back End\taste_troop\build\test_cache\build\c075001b96339384a97db4862b8ab8db.cache.dill.track.dill --native-assets file:///C:/Users/User/Documents/Kuliah/Semester%205/Mobile%20Back%20End/taste_troop/build/native_assets/windows/native_assets.yaml --verbosity=error
[  +11 ms] <- native-assets file:///C:/Users/User/Documents/Kuliah/Semester%205/Mobile%20Back%20End/taste_troop/build/native_assets/windows/native_assets.yaml
[        ] <- compile file:///C:/Users/User/AppData/Local/Temp/flutter_tools.b6c02bfa/flutter_test_listener.c705f5e3/listener.dart
[+23994 ms] <- accept
[        ] <- reset
[        ] Compiling file:///C:/Users/User/AppData/Local/Temp/flutter_tools.b6c02bfa/flutter_test_listener.c705f5e3/listener.dart took 24124ms
[        ] test 0: starting test device
[   +7 ms] test 0: awaiting connection to test device
[   +3 ms] test 0: VM Service uri is not available
[  +14 ms] test 0: test harness socket server is running at port:58370
[   +3 ms] Using this directory for fonts configuration: C:\Users\User\AppData\Local\Temp\flutter_tools.b6c02bfa\flutter_test_fonts.46231c1d
[   +4 ms] test 0: Starting flutter_tester process with command=[C:\src\flutter\bin\cache\artifacts\engine\windows-x64\flutter_tester.exe, --disable-vm-service, --enable-checked-mode, --verify-entry-points, --enable-software-rendering, --skia-deterministic-rendering, --enable-dart-profiling, --non-interactive, --use-test-fonts, --disable-asset-fonts, --packages=C:\Users\User\Documents\Kuliah\Semester 5\Mobile Back End\taste_troop\.dart_tool\package_config.json, --flutter-assets-dir=C:\Users\User\Documents\Kuliah\Semester 5\Mobile Back End\taste_troop\build\unit_test_assets, C:\Users\User\AppData\Local\Temp\flutter_tools.b6c02bfa\flutter_test_listener.c705f5e3\listener.dart.dill], environment={FLUTTER_TEST: true, FONTCONFIG_FILE: C:\Users\User\AppData\Local\Temp\flutter_tools.b6c02bfa\flutter_test_fonts.46231c1d/fonts.conf, SERVER_PORT: 58370, APP_NAME: taste_troop, UNIT_TEST_ASSETS: C:\Users\User\Documents\Kuliah\Semester 5\Mobile Back End\taste_troop\build\unit_test_assets}
[ +182 ms] test 0: Started flutter_tester process at pid 13780
[+1527 ms] test 0: connected to test device, now awaiting test result
[        ] test 0: Waiting for test harness or tests to finish
00:00 +0: Login Screen
ΓòÉΓòÉΓòí EXCEPTION CAUGHT BY WIDGETS LIBRARY Γò₧ΓòÉΓòÉΓòÉΓòÉΓòÉΓòÉΓòÉΓòÉΓòÉΓòÉΓòÉΓòÉΓòÉΓòÉΓòÉΓòÉΓòÉΓòÉΓòÉΓòÉΓòÉΓòÉΓòÉΓòÉΓòÉΓòÉΓòÉΓòÉΓòÉΓòÉΓòÉΓòÉΓòÉΓòÉΓòÉΓòÉΓòÉΓòÉΓòÉΓòÉΓòÉΓòÉΓòÉΓòÉΓòÉΓòÉΓòÉΓòÉΓòÉΓòÉΓòÉΓòÉΓòÉΓòÉΓòÉΓòÉΓòÉΓòÉΓòÉ
The following FirebaseException was thrown building Builder:
[core/no-app] No Firebase App '[DEFAULT]' has been created - call Firebase.initializeApp()

The relevant error-causing widget was:
  MaterialApp
  MaterialApp:file:///C:/Users/User/Documents/Kuliah/Semester%205/Mobile%20Back%20End/taste_troop/test/widget_test.dart:19:29

When the exception was thrown, this was the stack:
#0      MethodChannelFirebase.app (package:firebase_core_platform_interface/src/method_channel/method_channel_firebase.dart:193:5)
#1      Firebase.app (package:firebase_core/src/firebase.dart:56:41)
#2      FirebaseAuth.instance (package:firebase_auth/src/firebase_auth.dart:38:47)
#3      new Authentication (package:taste_troop/auth/auth.dart:4:43)
#4      new _LoginScreenState (package:taste_troop/auth/login.dart:16:26)
#5      LoginScreen.createState (package:taste_troop/auth/login.dart:12:39)
#6      new StatefulElement (package:flutter/src/widgets/framework.dart:5555:25)
#7      StatefulWidget.createElement (package:flutter/src/widgets/framework.dart:776:38)
...     Normal element mounting (220 frames)
#227    Element.inflateWidget (package:flutter/src/widgets/framework.dart:4326:16)
#228    MultiChildRenderObjectElement.inflateWidget (package:flutter/src/widgets/framework.dart:6871:36)
#229    MultiChildRenderObjectElement.mount (package:flutter/src/widgets/framework.dart:6883:32)
...     Normal element mounting (447 frames)
#676    Element.inflateWidget (package:flutter/src/widgets/framework.dart:4326:16)
#677    Element.updateChild (package:flutter/src/widgets/framework.dart:3831:20)
#678    ComponentElement.performRebuild (package:flutter/src/widgets/framework.dart:5496:16)
#679    Element.rebuild (package:flutter/src/widgets/framework.dart:5187:7)
#680    ProxyElement.update (package:flutter/src/widgets/framework.dart:5800:5)
#681    Element.updateChild (package:flutter/src/widgets/framework.dart:3815:15)
#682    ComponentElement.performRebuild (package:flutter/src/widgets/framework.dart:5496:16)
#683    StatefulElement.performRebuild (package:flutter/src/widgets/framework.dart:5634:11)
#684    Element.rebuild (package:flutter/src/widgets/framework.dart:5187:7)
#685    StatefulElement.update (package:flutter/src/widgets/framework.dart:5657:5)
#686    Element.updateChild (package:flutter/src/widgets/framework.dart:3815:15)
#687    ComponentElement.performRebuild (package:flutter/src/widgets/framework.dart:5496:16)
#688    Element.rebuild (package:flutter/src/widgets/framework.dart:5187:7)
#689    ProxyElement.update (package:flutter/src/widgets/framework.dart:5800:5)
#690    Element.updateChild (package:flutter/src/widgets/framework.dart:3815:15)
#691    ComponentElement.performRebuild (package:flutter/src/widgets/framework.dart:5496:16)
#692    Element.rebuild (package:flutter/src/widgets/framework.dart:5187:7)
#693    ProxyElement.update (package:flutter/src/widgets/framework.dart:5800:5)
#694    Element.updateChild (package:flutter/src/widgets/framework.dart:3815:15)
#695    _RawViewElement._updateChild (package:flutter/src/widgets/view.dart:289:16)
#696    _RawViewElement.update (package:flutter/src/widgets/view.dart:376:5)
#697    Element.updateChild (package:flutter/src/widgets/framework.dart:3815:15)
#698    ComponentElement.performRebuild (package:flutter/src/widgets/framework.dart:5496:16)
#699    Element.rebuild (package:flutter/src/widgets/framework.dart:5187:7)
#700    StatelessElement.update (package:flutter/src/widgets/framework.dart:5547:5)
#701    Element.updateChild (package:flutter/src/widgets/framework.dart:3815:15)
#702    RootElement._rebuild (package:flutter/src/widgets/binding.dart:1334:16)
#703    RootElement.update (package:flutter/src/widgets/binding.dart:1312:5)
#704    RootElement.performRebuild (package:flutter/src/widgets/binding.dart:1326:7)
#705    Element.rebuild (package:flutter/src/widgets/framework.dart:5187:7)
#706    BuildOwner.buildScope (package:flutter/src/widgets/framework.dart:2895:19)
#707    AutomatedTestWidgetsFlutterBinding.drawFrame (package:flutter_test/src/binding.dart:1409:19)
#708    RendererBinding._handlePersistentFrameCallback (package:flutter/src/rendering/binding.dart:457:5)
#709    SchedulerBinding._invokeFrameCallback (package:flutter/src/scheduler/binding.dart:1325:15)
#710    SchedulerBinding.handleDrawFrame (package:flutter/src/scheduler/binding.dart:1255:9)
#711    AutomatedTestWidgetsFlutterBinding.pump.<anonymous closure> (package:flutter_test/src/binding.dart:1264:9)
#714    TestAsyncUtils.guard (package:flutter_test/src/test_async_utils.dart:71:41)
#715    AutomatedTestWidgetsFlutterBinding.pump (package:flutter_test/src/binding.dart:1251:27)
#716    WidgetTester.pumpWidget.<anonymous closure> (package:flutter_test/src/widget_tester.dart:578:22)
#719    TestAsyncUtils.guard (package:flutter_test/src/test_async_utils.dart:71:41)
#720    WidgetTester.pumpWidget (package:flutter_test/src/widget_tester.dart:575:27)
#721    main.<anonymous closure> (file:///C:/Users/User/Documents/Kuliah/Semester%205/Mobile%20Back%20End/taste_troop/test/widget_test.dart:19:18)
#722    testWidgets.<anonymous closure>.<anonymous closure> (package:flutter_test/src/widget_tester.dart:168:29)
<asynchronous suspension>
#723    TestWidgetsFlutterBinding._runTestBody (package:flutter_test/src/binding.dart:1013:5)
<asynchronous suspension>
<asynchronous suspension>
(elided 5 frames from dart:async and package:stack_trace)

ΓòÉΓòÉΓòÉΓòÉΓòÉΓòÉΓòÉΓòÉΓòÉΓòÉΓòÉΓòÉΓòÉΓòÉΓòÉΓòÉΓòÉΓòÉΓòÉΓòÉΓòÉΓòÉΓòÉΓòÉΓòÉΓòÉΓòÉΓòÉΓòÉΓòÉΓòÉΓòÉΓòÉΓòÉΓòÉΓòÉΓòÉΓòÉΓòÉΓòÉΓòÉΓòÉΓòÉΓòÉΓòÉΓòÉΓòÉΓòÉΓòÉΓòÉΓòÉΓòÉΓòÉΓòÉΓòÉΓòÉΓòÉΓòÉΓòÉΓòÉΓòÉΓòÉΓòÉΓòÉΓòÉΓòÉΓòÉΓòÉΓòÉΓòÉΓòÉΓòÉΓòÉΓòÉΓòÉΓòÉΓòÉΓòÉΓòÉΓòÉΓòÉΓòÉΓòÉΓòÉΓòÉΓòÉΓòÉΓòÉΓòÉΓòÉΓòÉΓòÉΓòÉΓòÉΓòÉΓòÉΓòÉΓòÉΓòÉΓòÉ
ΓòÉΓòÉΓòí EXCEPTION CAUGHT BY FLUTTER TEST FRAMEWORK Γò₧ΓòÉΓòÉΓòÉΓòÉΓòÉΓòÉΓòÉΓòÉΓòÉΓòÉΓòÉΓòÉΓòÉΓòÉΓòÉΓòÉΓòÉΓòÉΓòÉΓòÉΓòÉΓòÉΓòÉΓòÉΓòÉΓòÉΓòÉΓòÉΓòÉΓòÉΓòÉΓòÉΓòÉΓòÉΓòÉΓòÉΓòÉΓòÉΓòÉΓòÉΓòÉΓòÉΓòÉΓòÉΓòÉΓòÉΓòÉΓòÉΓòÉΓòÉΓòÉΓòÉ
The following StateError was thrown running a test:
Bad state: No element

When the exception was thrown, this was the stack:
#0      Iterable.single (dart:core/iterable.dart:674:25)
#1      WidgetController.state (package:flutter_test/src/controller.dart:490:42)
#2      WidgetTester.showKeyboard.<anonymous closure> (package:flutter_test/src/widget_tester.dart:1098:42)
#5      TestAsyncUtils.guard (package:flutter_test/src/test_async_utils.dart:71:41)
#6      WidgetTester.showKeyboard (package:flutter_test/src/widget_tester.dart:1097:27)
#7      WidgetTester.enterText.<anonymous closure> (package:flutter_test/src/widget_tester.dart:1133:13)
#10     TestAsyncUtils.guard (package:flutter_test/src/test_async_utils.dart:71:41)
#11     WidgetTester.enterText (package:flutter_test/src/widget_tester.dart:1132:27)
#12     main.<anonymous closure> (file:///C:/Users/User/Documents/Kuliah/Semester%205/Mobile%20Back%20End/taste_troop/test/widget_test.dart:22:18)
<asynchronous suspension>
#13     testWidgets.<anonymous closure>.<anonymous closure> (package:flutter_test/src/widget_tester.dart:168:15)
<asynchronous suspension>
#14     TestWidgetsFlutterBinding._runTestBody (package:flutter_test/src/binding.dart:1013:5)
<asynchronous suspension>
<asynchronous suspension>
(elided 5 frames from dart:async and package:stack_trace)

The test description was:
  Login Screen
ΓòÉΓòÉΓòÉΓòÉΓòÉΓòÉΓòÉΓòÉΓòÉΓòÉΓòÉΓòÉΓòÉΓòÉΓòÉΓòÉΓòÉΓòÉΓòÉΓòÉΓòÉΓòÉΓòÉΓòÉΓòÉΓòÉΓòÉΓòÉΓòÉΓòÉΓòÉΓòÉΓòÉΓòÉΓòÉΓòÉΓòÉΓòÉΓòÉΓòÉΓòÉΓòÉΓòÉΓòÉΓòÉΓòÉΓòÉΓòÉΓòÉΓòÉΓòÉΓòÉΓòÉΓòÉΓòÉΓòÉΓòÉΓòÉΓòÉΓòÉΓòÉΓòÉΓòÉΓòÉΓòÉΓòÉΓòÉΓòÉΓòÉΓòÉΓòÉΓòÉΓòÉΓòÉΓòÉΓòÉΓòÉΓòÉΓòÉΓòÉΓòÉΓòÉΓòÉΓòÉΓòÉΓòÉΓòÉΓòÉΓòÉΓòÉΓòÉΓòÉΓòÉΓòÉΓòÉΓòÉΓòÉΓòÉΓòÉΓòÉ
ΓòÉΓòÉΓòí EXCEPTION CAUGHT BY FLUTTER TEST FRAMEWORK Γò₧ΓòÉΓòÉΓòÉΓòÉΓòÉΓòÉΓòÉΓòÉΓòÉΓòÉΓòÉΓòÉΓòÉΓòÉΓòÉΓòÉΓòÉΓòÉΓòÉΓòÉΓòÉΓòÉΓòÉΓòÉΓòÉΓòÉΓòÉΓòÉΓòÉΓòÉΓòÉΓòÉΓòÉΓòÉΓòÉΓòÉΓòÉΓòÉΓòÉΓòÉΓòÉΓòÉΓòÉΓòÉΓòÉΓòÉΓòÉΓòÉΓòÉΓòÉΓòÉΓòÉ
The following message was thrown:
Multiple exceptions (2) were detected during the running of the current test, and at least one was
unexpected.
ΓòÉΓòÉΓòÉΓòÉΓòÉΓòÉΓòÉΓòÉΓòÉΓòÉΓòÉΓòÉΓòÉΓòÉΓòÉΓòÉΓòÉΓòÉΓòÉΓòÉΓòÉΓòÉΓòÉΓòÉΓòÉΓòÉΓòÉΓòÉΓòÉΓòÉΓòÉΓòÉΓòÉΓòÉΓòÉΓòÉΓòÉΓòÉΓòÉΓòÉΓòÉΓòÉΓòÉΓòÉΓòÉΓòÉΓòÉΓòÉΓòÉΓòÉΓòÉΓòÉΓòÉΓòÉΓòÉΓòÉΓòÉΓòÉΓòÉΓòÉΓòÉΓòÉΓòÉΓòÉΓòÉΓòÉΓòÉΓòÉΓòÉΓòÉΓòÉΓòÉΓòÉΓòÉΓòÉΓòÉΓòÉΓòÉΓòÉΓòÉΓòÉΓòÉΓòÉΓòÉΓòÉΓòÉΓòÉΓòÉΓòÉΓòÉΓòÉΓòÉΓòÉΓòÉΓòÉΓòÉΓòÉΓòÉΓòÉΓòÉ
00:02 +0 -1: Login Screen [E]
  Test failed. See exception logs above.
  The test description was: Login Screen
  
00:02 +0 -1: Syarat & Ketentuan Screen
ΓòÉΓòÉΓòí EXCEPTION CAUGHT BY WIDGETS LIBRARY Γò₧ΓòÉΓòÉΓòÉΓòÉΓòÉΓòÉΓòÉΓòÉΓòÉΓòÉΓòÉΓòÉΓòÉΓòÉΓòÉΓòÉΓòÉΓòÉΓòÉΓòÉΓòÉΓòÉΓòÉΓòÉΓòÉΓòÉΓòÉΓòÉΓòÉΓòÉΓòÉΓòÉΓòÉΓòÉΓòÉΓòÉΓòÉΓòÉΓòÉΓòÉΓòÉΓòÉΓòÉΓòÉΓòÉΓòÉΓòÉΓòÉΓòÉΓòÉΓòÉΓòÉΓòÉΓòÉΓòÉΓòÉΓòÉΓòÉΓòÉ
The following FirebaseException was thrown building Builder:
[core/no-app] No Firebase App '[DEFAULT]' has been created - call Firebase.initializeApp()

The relevant error-causing widget was:
  MaterialApp
  MaterialApp:file:///C:/Users/User/Documents/Kuliah/Semester%205/Mobile%20Back%20End/taste_troop/test/widget_test.dart:31:29

When the exception was thrown, this was the stack:
#0      MethodChannelFirebase.app (package:firebase_core_platform_interface/src/method_channel/method_channel_firebase.dart:193:5)
#1      Firebase.app (package:firebase_core/src/firebase.dart:56:41)
#2      FirebaseAuth.instance (package:firebase_auth/src/firebase_auth.dart:38:47)
#3      new Authentication (package:taste_troop/auth/auth.dart:4:43)
#4      new _ProfilePageState (package:taste_troop/screen/profile/profile.dart:58:32)
#5      ProfileScreen.createState (package:taste_troop/screen/profile/profile.dart:20:41)
#6      new StatefulElement (package:flutter/src/widgets/framework.dart:5555:25)
#7      StatefulWidget.createElement (package:flutter/src/widgets/framework.dart:776:38)
...     Normal element mounting (220 frames)
#227    Element.inflateWidget (package:flutter/src/widgets/framework.dart:4326:16)
#228    MultiChildRenderObjectElement.inflateWidget (package:flutter/src/widgets/framework.dart:6871:36)
#229    MultiChildRenderObjectElement.mount (package:flutter/src/widgets/framework.dart:6883:32)
...     Normal element mounting (447 frames)
#676    Element.inflateWidget (package:flutter/src/widgets/framework.dart:4326:16)
#677    Element.updateChild (package:flutter/src/widgets/framework.dart:3831:20)
#678    ComponentElement.performRebuild (package:flutter/src/widgets/framework.dart:5496:16)
#679    Element.rebuild (package:flutter/src/widgets/framework.dart:5187:7)
#680    ProxyElement.update (package:flutter/src/widgets/framework.dart:5800:5)
#681    Element.updateChild (package:flutter/src/widgets/framework.dart:3815:15)
#682    ComponentElement.performRebuild (package:flutter/src/widgets/framework.dart:5496:16)
#683    StatefulElement.performRebuild (package:flutter/src/widgets/framework.dart:5634:11)
#684    Element.rebuild (package:flutter/src/widgets/framework.dart:5187:7)
#685    StatefulElement.update (package:flutter/src/widgets/framework.dart:5657:5)
#686    Element.updateChild (package:flutter/src/widgets/framework.dart:3815:15)
#687    ComponentElement.performRebuild (package:flutter/src/widgets/framework.dart:5496:16)
#688    Element.rebuild (package:flutter/src/widgets/framework.dart:5187:7)
#689    ProxyElement.update (package:flutter/src/widgets/framework.dart:5800:5)
#690    Element.updateChild (package:flutter/src/widgets/framework.dart:3815:15)
#691    ComponentElement.performRebuild (package:flutter/src/widgets/framework.dart:5496:16)
#692    Element.rebuild (package:flutter/src/widgets/framework.dart:5187:7)
#693    ProxyElement.update (package:flutter/src/widgets/framework.dart:5800:5)
#694    Element.updateChild (package:flutter/src/widgets/framework.dart:3815:15)
#695    _RawViewElement._updateChild (package:flutter/src/widgets/view.dart:289:16)
#696    _RawViewElement.update (package:flutter/src/widgets/view.dart:376:5)
#697    Element.updateChild (package:flutter/src/widgets/framework.dart:3815:15)
#698    ComponentElement.performRebuild (package:flutter/src/widgets/framework.dart:5496:16)
#699    Element.rebuild (package:flutter/src/widgets/framework.dart:5187:7)
#700    StatelessElement.update (package:flutter/src/widgets/framework.dart:5547:5)
#701    Element.updateChild (package:flutter/src/widgets/framework.dart:3815:15)
#702    RootElement._rebuild (package:flutter/src/widgets/binding.dart:1334:16)
#703    RootElement.update (package:flutter/src/widgets/binding.dart:1312:5)
#704    RootElement.performRebuild (package:flutter/src/widgets/binding.dart:1326:7)
#705    Element.rebuild (package:flutter/src/widgets/framework.dart:5187:7)
#706    BuildOwner.buildScope (package:flutter/src/widgets/framework.dart:2895:19)
#707    AutomatedTestWidgetsFlutterBinding.drawFrame (package:flutter_test/src/binding.dart:1409:19)
#708    RendererBinding._handlePersistentFrameCallback (package:flutter/src/rendering/binding.dart:457:5)
#709    SchedulerBinding._invokeFrameCallback (package:flutter/src/scheduler/binding.dart:1325:15)
#710    SchedulerBinding.handleDrawFrame (package:flutter/src/scheduler/binding.dart:1255:9)
#711    AutomatedTestWidgetsFlutterBinding.pump.<anonymous closure> (package:flutter_test/src/binding.dart:1264:9)
#714    TestAsyncUtils.guard (package:flutter_test/src/test_async_utils.dart:71:41)
#715    AutomatedTestWidgetsFlutterBinding.pump (package:flutter_test/src/binding.dart:1251:27)
#716    WidgetTester.pumpWidget.<anonymous closure> (package:flutter_test/src/widget_tester.dart:578:22)
#719    TestAsyncUtils.guard (package:flutter_test/src/test_async_utils.dart:71:41)
#720    WidgetTester.pumpWidget (package:flutter_test/src/widget_tester.dart:575:27)
#721    main.<anonymous closure> (file:///C:/Users/User/Documents/Kuliah/Semester%205/Mobile%20Back%20End/taste_troop/test/widget_test.dart:31:18)
#722    testWidgets.<anonymous closure>.<anonymous closure> (package:flutter_test/src/widget_tester.dart:168:29)
<asynchronous suspension>
#723    TestWidgetsFlutterBinding._runTestBody (package:flutter_test/src/binding.dart:1013:5)
<asynchronous suspension>
<asynchronous suspension>
(elided 5 frames from dart:async and package:stack_trace)

ΓòÉΓòÉΓòÉΓòÉΓòÉΓòÉΓòÉΓòÉΓòÉΓòÉΓòÉΓòÉΓòÉΓòÉΓòÉΓòÉΓòÉΓòÉΓòÉΓòÉΓòÉΓòÉΓòÉΓòÉΓòÉΓòÉΓòÉΓòÉΓòÉΓòÉΓòÉΓòÉΓòÉΓòÉΓòÉΓòÉΓòÉΓòÉΓòÉΓòÉΓòÉΓòÉΓòÉΓòÉΓòÉΓòÉΓòÉΓòÉΓòÉΓòÉΓòÉΓòÉΓòÉΓòÉΓòÉΓòÉΓòÉΓòÉΓòÉΓòÉΓòÉΓòÉΓòÉΓòÉΓòÉΓòÉΓòÉΓòÉΓòÉΓòÉΓòÉΓòÉΓòÉΓòÉΓòÉΓòÉΓòÉΓòÉΓòÉΓòÉΓòÉΓòÉΓòÉΓòÉΓòÉΓòÉΓòÉΓòÉΓòÉΓòÉΓòÉΓòÉΓòÉΓòÉΓòÉΓòÉΓòÉΓòÉΓòÉΓòÉ
ΓòÉΓòÉΓòí EXCEPTION CAUGHT BY FLUTTER TEST FRAMEWORK Γò₧ΓòÉΓòÉΓòÉΓòÉΓòÉΓòÉΓòÉΓòÉΓòÉΓòÉΓòÉΓòÉΓòÉΓòÉΓòÉΓòÉΓòÉΓòÉΓòÉΓòÉΓòÉΓòÉΓòÉΓòÉΓòÉΓòÉΓòÉΓòÉΓòÉΓòÉΓòÉΓòÉΓòÉΓòÉΓòÉΓòÉΓòÉΓòÉΓòÉΓòÉΓòÉΓòÉΓòÉΓòÉΓòÉΓòÉΓòÉΓòÉΓòÉΓòÉΓòÉΓòÉ
The following assertion was thrown running a test:
The finder "Found 0 widgets with type "ListTile" that are ancestors of widgets with text "Syarat dan
Ketentuan": []" (used in a call to "tap()") could not find any matching widgets.

When the exception was thrown, this was the stack:
#0      WidgetController._getElementPoint (package:flutter_test/src/controller.dart:1353:7)
#1      WidgetController.getCenter (package:flutter_test/src/controller.dart:1292:12)
#2      WidgetController.tap (package:flutter_test/src/controller.dart:613:18)
#3      main.<anonymous closure> (file:///C:/Users/User/Documents/Kuliah/Semester%205/Mobile%20Back%20End/taste_troop/test/widget_test.dart:34:18)
<asynchronous suspension>
#4      testWidgets.<anonymous closure>.<anonymous closure> (package:flutter_test/src/widget_tester.dart:168:15)
<asynchronous suspension>
#5      TestWidgetsFlutterBinding._runTestBody (package:flutter_test/src/binding.dart:1013:5)
<asynchronous suspension>
<asynchronous suspension>
(elided one frame from package:stack_trace)

The test description was:
  Syarat & Ketentuan Screen
ΓòÉΓòÉΓòÉΓòÉΓòÉΓòÉΓòÉΓòÉΓòÉΓòÉΓòÉΓòÉΓòÉΓòÉΓòÉΓòÉΓòÉΓòÉΓòÉΓòÉΓòÉΓòÉΓòÉΓòÉΓòÉΓòÉΓòÉΓòÉΓòÉΓòÉΓòÉΓòÉΓòÉΓòÉΓòÉΓòÉΓòÉΓòÉΓòÉΓòÉΓòÉΓòÉΓòÉΓòÉΓòÉΓòÉΓòÉΓòÉΓòÉΓòÉΓòÉΓòÉΓòÉΓòÉΓòÉΓòÉΓòÉΓòÉΓòÉΓòÉΓòÉΓòÉΓòÉΓòÉΓòÉΓòÉΓòÉΓòÉΓòÉΓòÉΓòÉΓòÉΓòÉΓòÉΓòÉΓòÉΓòÉΓòÉΓòÉΓòÉΓòÉΓòÉΓòÉΓòÉΓòÉΓòÉΓòÉΓòÉΓòÉΓòÉΓòÉΓòÉΓòÉΓòÉΓòÉΓòÉΓòÉΓòÉΓòÉΓòÉ
ΓòÉΓòÉΓòí EXCEPTION CAUGHT BY FLUTTER TEST FRAMEWORK Γò₧ΓòÉΓòÉΓòÉΓòÉΓòÉΓòÉΓòÉΓòÉΓòÉΓòÉΓòÉΓòÉΓòÉΓòÉΓòÉΓòÉΓòÉΓòÉΓòÉΓòÉΓòÉΓòÉΓòÉΓòÉΓòÉΓòÉΓòÉΓòÉΓòÉΓòÉΓòÉΓòÉΓòÉΓòÉΓòÉΓòÉΓòÉΓòÉΓòÉΓòÉΓòÉΓòÉΓòÉΓòÉΓòÉΓòÉΓòÉΓòÉΓòÉΓòÉΓòÉΓòÉ
The following message was thrown:
Multiple exceptions (2) were detected during the running of the current test, and at least one was
unexpected.
ΓòÉΓòÉΓòÉΓòÉΓòÉΓòÉΓòÉΓòÉΓòÉΓòÉΓòÉΓòÉΓòÉΓòÉΓòÉΓòÉΓòÉΓòÉΓòÉΓòÉΓòÉΓòÉΓòÉΓòÉΓòÉΓòÉΓòÉΓòÉΓòÉΓòÉΓòÉΓòÉΓòÉΓòÉΓòÉΓòÉΓòÉΓòÉΓòÉΓòÉΓòÉΓòÉΓòÉΓòÉΓòÉΓòÉΓòÉΓòÉΓòÉΓòÉΓòÉΓòÉΓòÉΓòÉΓòÉΓòÉΓòÉΓòÉΓòÉΓòÉΓòÉΓòÉΓòÉΓòÉΓòÉΓòÉΓòÉΓòÉΓòÉΓòÉΓòÉΓòÉΓòÉΓòÉΓòÉΓòÉΓòÉΓòÉΓòÉΓòÉΓòÉΓòÉΓòÉΓòÉΓòÉΓòÉΓòÉΓòÉΓòÉΓòÉΓòÉΓòÉΓòÉΓòÉΓòÉΓòÉΓòÉΓòÉΓòÉΓòÉ
00:02 +0 -2: Syarat & Ketentuan Screen [E]
  Test failed. See exception logs above.
  The test description was: Syarat & Ketentuan Screen
  
[+3538 ms] test 0: Test harness is no longer needed by test process
[        ] test 0: finished
[   +1 ms] test 0: cleaning up...
[        ] test 0: ensuring test device is terminated.
[        ] test 0: Terminating flutter_tester process
[        ] test 0: Shutting down DevTools server
[        ] test 0: Test process is no longer needed by test harness
[  +10 ms] test 0: Shutting down test harness socket server
[ +173 ms] test 0: flutter_tester process at pid 13780 exited with code=-1
[        ] test 0: deleting temporary directory
[  +11 ms] test 0: finished
00:03 +0 -2: Some tests failed.
[  +46 ms] Deleting C:\Users\User\AppData\Local\Temp\flutter_tools.b6c02bfa\flutter_test_compiler.329cd3b2...
[  +16 ms] killing pid 2104
[ +634 ms] Deleting C:\Users\User\AppData\Local\Temp\flutter_tools.b6c02bfa\flutter_test_fonts.46231c1d...
[   +8 ms] test package returned with exit code 1
[   +1 ms] Runtime for phase TestRunner: Wall-clock: 0:00:30.524091; combined: 0:00:30.524119.
[        ] Runtime for phase Compile: Wall-clock: 0:00:24.124751; combined: 0:00:24.124804.
[        ] Runtime for phase Run: Wall-clock: 0:00:05.282082; combined: 0:00:05.282088.
[        ] Runtime for phase CoverageTotal: Wall-clock: 0:00:00.000000; combined: 0:00:00.000000.
[        ] Runtime for phase CoverageCollect: Wall-clock: 0:00:00.000000; combined: 0:00:00.000000.
[        ] Runtime for phase CoverageParseJson: Wall-clock: 0:00:00.000000; combined: 0:00:00.000000.
[        ] Runtime for phase CoverageAddHitmap: Wall-clock: 0:00:00.000000; combined: 0:00:00.000000.
[        ] Runtime for phase CoverageDataCollect: Wall-clock: 0:00:00.000000; combined: 0:00:00.000000.
[        ] Runtime for phase WatcherFinishedTest: Wall-clock: 0:00:00.001407; combined: 0:00:00.001410.
[  +33 ms] "flutter test" took 46,409ms.
[ +303 ms] ensureAnalyticsSent: 267ms
[        ] Running 1 shutdown hook
[   +1 ms] Shutdown hooks complete
[        ] exiting with code 1
